#
# There is insufficient memory for the Java Runtime Environment to continue.
# Native memory allocation (malloc) failed to allocate 32744 bytes for ChunkPool::allocate
# Possible reasons:
#   The system is out of physical RAM or swap space
#   The process is running with CompressedOops enabled, and the Java Heap may be blocking the growth of the native heap
# Possible solutions:
#   Reduce memory load on the system
#   Increase physical memory or swap space
#   Check if swap backing store is full
#   Decrease Java heap size (-Xmx/-Xms)
#   Decrease number of Java threads
#   Decrease Java thread stack sizes (-Xss)
#   Set larger code cache with -XX:ReservedCodeCacheSize=
#   JVM is running with Zero Based Compressed Oops mode in which the Java heap is
#     placed in the first 32GB address space. The Java Heap base address is the
#     maximum limit for the native heap growth. Please use -XX:HeapBaseMinAddress
#     to set the Java Heap base and to place the Java Heap above 32GB virtual address.
# This output file may be truncated or incomplete.
#
#  Out of Memory Error (arena.cpp:79), pid=12160, tid=20168
#
# JRE version: OpenJDK Runtime Environment Temurin-17.0.10+7 (17.0.10+7) (build 17.0.10+7)
# Java VM: OpenJDK 64-Bit Server VM Temurin-17.0.10+7 (17.0.10+7, mixed mode, tiered, compressed oops, compressed class ptrs, g1 gc, windows-amd64)
# No core dump will be written. Minidumps are not enabled by default on client versions of Windows
#

---------------  S U M M A R Y ------------

Command Line: -Dfile.encoding=UTF-8 -Dstdout.encoding=UTF-8 -Dstderr.encoding=UTF-8 -XX:+ShowCodeDetailsInExceptionMessages com.example.loyaltyplus.LoyaltyplusApplication

Host: Intel(R) Core(TM) i7-8650U CPU @ 1.90GHz, 8 cores, 15G,  Windows 11 , 64 bit Build 26100 (10.0.26100.3775)
Time: Fri May 23 21:37:26 2025 Jordan Standard Time elapsed time: 5.407900 seconds (0d 0h 0m 5s)

---------------  T H R E A D  ---------------

Current thread (0x0000026a5e309ec0):  JavaThread "C1 CompilerThread0" daemon [_thread_in_native, id=20168, stack(0x000000712f200000,0x000000712f300000)]


Current CompileTask:
C1:   5409  651       3       java.net.URLStreamHandler::parseURL (1201 bytes)

Stack: [0x000000712f200000,0x000000712f300000]
Native frames: (J=compiled Java code, j=interpreted, Vv=VM code, C=native code)
V  [jvm.dll+0x67d2c9]
V  [jvm.dll+0x834afa]
V  [jvm.dll+0x8365be]
V  [jvm.dll+0x836c23]
V  [jvm.dll+0x2477ff]
V  [jvm.dll+0xac711]
V  [jvm.dll+0xacb5c]
V  [jvm.dll+0x1847d6]
V  [jvm.dll+0x185b00]
V  [jvm.dll+0x135a2b]
V  [jvm.dll+0x135bf0]
V  [jvm.dll+0x135eb6]
V  [jvm.dll+0x13534a]
V  [jvm.dll+0x137001]
V  [jvm.dll+0x2290de]
V  [jvm.dll+0x2272ac]
V  [jvm.dll+0x7e9bb7]
V  [jvm.dll+0x7e3fba]
V  [jvm.dll+0x67c1b5]
C  [ucrtbase.dll+0x37b0]
C  [KERNEL32.DLL+0x2e8d7]
C  [ntdll.dll+0xb14fc]


---------------  P R O C E S S  ---------------

Threads class SMR info:
_java_thread_list=0x0000026a5e414680, length=12, elements={
0x0000026a3ee64d80, 0x0000026a5e26f020, 0x0000026a5e271170, 0x0000026a5e29a280,
0x0000026a5e29eb70, 0x0000026a5e2a0840, 0x0000026a5e2a1200, 0x0000026a5e2a1fa0,
0x0000026a5e309ec0, 0x0000026a5e32e7c0, 0x0000026a5e4263a0, 0x0000026a5e43a130
}

Java Threads: ( => current thread )
  0x0000026a3ee64d80 JavaThread "main" [_thread_in_Java, id=4520, stack(0x000000712e400000,0x000000712e500000)]
  0x0000026a5e26f020 JavaThread "Reference Handler" daemon [_thread_blocked, id=12976, stack(0x000000712eb00000,0x000000712ec00000)]
  0x0000026a5e271170 JavaThread "Finalizer" daemon [_thread_blocked, id=19072, stack(0x000000712ec00000,0x000000712ed00000)]
  0x0000026a5e29a280 JavaThread "Signal Dispatcher" daemon [_thread_blocked, id=8868, stack(0x000000712ed00000,0x000000712ee00000)]
  0x0000026a5e29eb70 JavaThread "Attach Listener" daemon [_thread_blocked, id=5208, stack(0x000000712ee00000,0x000000712ef00000)]
  0x0000026a5e2a0840 JavaThread "Service Thread" daemon [_thread_blocked, id=18888, stack(0x000000712ef00000,0x000000712f000000)]
  0x0000026a5e2a1200 JavaThread "Monitor Deflation Thread" daemon [_thread_blocked, id=24184, stack(0x000000712f000000,0x000000712f100000)]
  0x0000026a5e2a1fa0 JavaThread "C2 CompilerThread0" daemon [_thread_in_native, id=3932, stack(0x000000712f100000,0x000000712f200000)]
=>0x0000026a5e309ec0 JavaThread "C1 CompilerThread0" daemon [_thread_in_native, id=20168, stack(0x000000712f200000,0x000000712f300000)]
  0x0000026a5e32e7c0 JavaThread "Sweeper thread" daemon [_thread_blocked, id=20700, stack(0x000000712f300000,0x000000712f400000)]
  0x0000026a5e4263a0 JavaThread "Notification Thread" daemon [_thread_blocked, id=15240, stack(0x000000712f400000,0x000000712f500000)]
  0x0000026a5e43a130 JavaThread "Common-Cleaner" daemon [_thread_blocked, id=24464, stack(0x000000712f600000,0x000000712f700000)]

Other Threads:
  0x0000026a5e1ed8d0 VMThread "VM Thread" [stack: 0x000000712ea00000,0x000000712eb00000] [id=16404]
  0x0000026a5e428890 WatcherThread [stack: 0x000000712f500000,0x000000712f600000] [id=20952]
  0x0000026a3eed2a10 GCTaskThread "GC Thread#0" [stack: 0x000000712e500000,0x000000712e600000] [id=22304]
  0x0000026a3eee3770 ConcurrentGCThread "G1 Main Marker" [stack: 0x000000712e600000,0x000000712e700000] [id=23696]
  0x0000026a3eee4190 ConcurrentGCThread "G1 Conc#0" [stack: 0x000000712e700000,0x000000712e800000] [id=10688]
  0x0000026a3ef0ec60 ConcurrentGCThread "G1 Refine#0" [stack: 0x000000712e800000,0x000000712e900000] [id=18968]
  0x0000026a5e09dd40 ConcurrentGCThread "G1 Service" [stack: 0x000000712e900000,0x000000712ea00000] [id=24112]

Threads with active compile tasks:
C2 CompilerThread0     5562  622   !   4       java.util.zip.ZipFile::getEntry (59 bytes)
C1 CompilerThread0     5563  651       3       java.net.URLStreamHandler::parseURL (1201 bytes)

VM state: not at safepoint (normal execution)

VM Mutex/Monitor currently owned by a thread: None

Heap address: 0x0000000701e00000, size: 4066 MB, Compressed Oops mode: Zero based, Oop shift amount: 3

CDS archive(s) not mapped
Compressed class space mapped at: 0x0000000800000000-0x0000000840000000, reserved size: 1073741824
Narrow klass base: 0x0000000800000000, Narrow klass shift: 0, Narrow klass range: 0x40000000

GC Precious Log:
 CPUs: 8 total, 8 available
 Memory: 16262M
 Large Page Support: Disabled
 NUMA Support: Disabled
 Compressed Oops: Enabled (Zero based)
 Heap Region Size: 2M
 Heap Min Capacity: 8M
 Heap Initial Capacity: 256M
 Heap Max Capacity: 4066M
 Pre-touch: Disabled
 Parallel Workers: 8
 Concurrent Workers: 2
 Concurrent Refinement Workers: 8
 Periodic GC: Disabled

Heap:
 garbage-first heap   total 262144K, used 10240K [0x0000000701e00000, 0x0000000800000000)
  region size 2048K, 7 young (14336K), 0 survivors (0K)
 Metaspace       used 9037K, committed 9152K, reserved 1114112K
  class space    used 782K, committed 832K, reserved 1048576K

Heap Regions: E=young(eden), S=young(survivor), O=old, HS=humongous(starts), HC=humongous(continues), CS=collection set, F=free, OA=open archive, CA=closed archive, TAMS=top-at-mark-start (previous, next)
|   0|0x0000000701e00000, 0x0000000701e00000, 0x0000000702000000|  0%| F|  |TAMS 0x0000000701e00000, 0x0000000701e00000| Untracked 
|   1|0x0000000702000000, 0x0000000702000000, 0x0000000702200000|  0%| F|  |TAMS 0x0000000702000000, 0x0000000702000000| Untracked 
|   2|0x0000000702200000, 0x0000000702200000, 0x0000000702400000|  0%| F|  |TAMS 0x0000000702200000, 0x0000000702200000| Untracked 
|   3|0x0000000702400000, 0x0000000702400000, 0x0000000702600000|  0%| F|  |TAMS 0x0000000702400000, 0x0000000702400000| Untracked 
|   4|0x0000000702600000, 0x0000000702600000, 0x0000000702800000|  0%| F|  |TAMS 0x0000000702600000, 0x0000000702600000| Untracked 
|   5|0x0000000702800000, 0x0000000702800000, 0x0000000702a00000|  0%| F|  |TAMS 0x0000000702800000, 0x0000000702800000| Untracked 
|   6|0x0000000702a00000, 0x0000000702a00000, 0x0000000702c00000|  0%| F|  |TAMS 0x0000000702a00000, 0x0000000702a00000| Untracked 
|   7|0x0000000702c00000, 0x0000000702c00000, 0x0000000702e00000|  0%| F|  |TAMS 0x0000000702c00000, 0x0000000702c00000| Untracked 
|   8|0x0000000702e00000, 0x0000000702e00000, 0x0000000703000000|  0%| F|  |TAMS 0x0000000702e00000, 0x0000000702e00000| Untracked 
|   9|0x0000000703000000, 0x0000000703000000, 0x0000000703200000|  0%| F|  |TAMS 0x0000000703000000, 0x0000000703000000| Untracked 
|  10|0x0000000703200000, 0x0000000703200000, 0x0000000703400000|  0%| F|  |TAMS 0x0000000703200000, 0x0000000703200000| Untracked 
|  11|0x0000000703400000, 0x0000000703400000, 0x0000000703600000|  0%| F|  |TAMS 0x0000000703400000, 0x0000000703400000| Untracked 
|  12|0x0000000703600000, 0x0000000703600000, 0x0000000703800000|  0%| F|  |TAMS 0x0000000703600000, 0x0000000703600000| Untracked 
|  13|0x0000000703800000, 0x0000000703800000, 0x0000000703a00000|  0%| F|  |TAMS 0x0000000703800000, 0x0000000703800000| Untracked 
|  14|0x0000000703a00000, 0x0000000703a00000, 0x0000000703c00000|  0%| F|  |TAMS 0x0000000703a00000, 0x0000000703a00000| Untracked 
|  15|0x0000000703c00000, 0x0000000703c00000, 0x0000000703e00000|  0%| F|  |TAMS 0x0000000703c00000, 0x0000000703c00000| Untracked 
|  16|0x0000000703e00000, 0x0000000703e00000, 0x0000000704000000|  0%| F|  |TAMS 0x0000000703e00000, 0x0000000703e00000| Untracked 
|  17|0x0000000704000000, 0x0000000704000000, 0x0000000704200000|  0%| F|  |TAMS 0x0000000704000000, 0x0000000704000000| Untracked 
|  18|0x0000000704200000, 0x0000000704200000, 0x0000000704400000|  0%| F|  |TAMS 0x0000000704200000, 0x0000000704200000| Untracked 
|  19|0x0000000704400000, 0x0000000704400000, 0x0000000704600000|  0%| F|  |TAMS 0x0000000704400000, 0x0000000704400000| Untracked 
|  20|0x0000000704600000, 0x0000000704600000, 0x0000000704800000|  0%| F|  |TAMS 0x0000000704600000, 0x0000000704600000| Untracked 
|  21|0x0000000704800000, 0x0000000704800000, 0x0000000704a00000|  0%| F|  |TAMS 0x0000000704800000, 0x0000000704800000| Untracked 
|  22|0x0000000704a00000, 0x0000000704a00000, 0x0000000704c00000|  0%| F|  |TAMS 0x0000000704a00000, 0x0000000704a00000| Untracked 
|  23|0x0000000704c00000, 0x0000000704c00000, 0x0000000704e00000|  0%| F|  |TAMS 0x0000000704c00000, 0x0000000704c00000| Untracked 
|  24|0x0000000704e00000, 0x0000000704e00000, 0x0000000705000000|  0%| F|  |TAMS 0x0000000704e00000, 0x0000000704e00000| Untracked 
|  25|0x0000000705000000, 0x0000000705000000, 0x0000000705200000|  0%| F|  |TAMS 0x0000000705000000, 0x0000000705000000| Untracked 
|  26|0x0000000705200000, 0x0000000705200000, 0x0000000705400000|  0%| F|  |TAMS 0x0000000705200000, 0x0000000705200000| Untracked 
|  27|0x0000000705400000, 0x0000000705400000, 0x0000000705600000|  0%| F|  |TAMS 0x0000000705400000, 0x0000000705400000| Untracked 
|  28|0x0000000705600000, 0x0000000705600000, 0x0000000705800000|  0%| F|  |TAMS 0x0000000705600000, 0x0000000705600000| Untracked 
|  29|0x0000000705800000, 0x0000000705800000, 0x0000000705a00000|  0%| F|  |TAMS 0x0000000705800000, 0x0000000705800000| Untracked 
|  30|0x0000000705a00000, 0x0000000705a00000, 0x0000000705c00000|  0%| F|  |TAMS 0x0000000705a00000, 0x0000000705a00000| Untracked 
|  31|0x0000000705c00000, 0x0000000705c00000, 0x0000000705e00000|  0%| F|  |TAMS 0x0000000705c00000, 0x0000000705c00000| Untracked 
|  32|0x0000000705e00000, 0x0000000705e00000, 0x0000000706000000|  0%| F|  |TAMS 0x0000000705e00000, 0x0000000705e00000| Untracked 
|  33|0x0000000706000000, 0x0000000706000000, 0x0000000706200000|  0%| F|  |TAMS 0x0000000706000000, 0x0000000706000000| Untracked 
|  34|0x0000000706200000, 0x0000000706200000, 0x0000000706400000|  0%| F|  |TAMS 0x0000000706200000, 0x0000000706200000| Untracked 
|  35|0x0000000706400000, 0x0000000706400000, 0x0000000706600000|  0%| F|  |TAMS 0x0000000706400000, 0x0000000706400000| Untracked 
|  36|0x0000000706600000, 0x0000000706600000, 0x0000000706800000|  0%| F|  |TAMS 0x0000000706600000, 0x0000000706600000| Untracked 
|  37|0x0000000706800000, 0x0000000706800000, 0x0000000706a00000|  0%| F|  |TAMS 0x0000000706800000, 0x0000000706800000| Untracked 
|  38|0x0000000706a00000, 0x0000000706a00000, 0x0000000706c00000|  0%| F|  |TAMS 0x0000000706a00000, 0x0000000706a00000| Untracked 
|  39|0x0000000706c00000, 0x0000000706c00000, 0x0000000706e00000|  0%| F|  |TAMS 0x0000000706c00000, 0x0000000706c00000| Untracked 
|  40|0x0000000706e00000, 0x0000000706e00000, 0x0000000707000000|  0%| F|  |TAMS 0x0000000706e00000, 0x0000000706e00000| Untracked 
|  41|0x0000000707000000, 0x0000000707000000, 0x0000000707200000|  0%| F|  |TAMS 0x0000000707000000, 0x0000000707000000| Untracked 
|  42|0x0000000707200000, 0x0000000707200000, 0x0000000707400000|  0%| F|  |TAMS 0x0000000707200000, 0x0000000707200000| Untracked 
|  43|0x0000000707400000, 0x0000000707400000, 0x0000000707600000|  0%| F|  |TAMS 0x0000000707400000, 0x0000000707400000| Untracked 
|  44|0x0000000707600000, 0x0000000707600000, 0x0000000707800000|  0%| F|  |TAMS 0x0000000707600000, 0x0000000707600000| Untracked 
|  45|0x0000000707800000, 0x0000000707800000, 0x0000000707a00000|  0%| F|  |TAMS 0x0000000707800000, 0x0000000707800000| Untracked 
|  46|0x0000000707a00000, 0x0000000707a00000, 0x0000000707c00000|  0%| F|  |TAMS 0x0000000707a00000, 0x0000000707a00000| Untracked 
|  47|0x0000000707c00000, 0x0000000707c00000, 0x0000000707e00000|  0%| F|  |TAMS 0x0000000707c00000, 0x0000000707c00000| Untracked 
|  48|0x0000000707e00000, 0x0000000707e00000, 0x0000000708000000|  0%| F|  |TAMS 0x0000000707e00000, 0x0000000707e00000| Untracked 
|  49|0x0000000708000000, 0x0000000708000000, 0x0000000708200000|  0%| F|  |TAMS 0x0000000708000000, 0x0000000708000000| Untracked 
|  50|0x0000000708200000, 0x0000000708200000, 0x0000000708400000|  0%| F|  |TAMS 0x0000000708200000, 0x0000000708200000| Untracked 
|  51|0x0000000708400000, 0x0000000708400000, 0x0000000708600000|  0%| F|  |TAMS 0x0000000708400000, 0x0000000708400000| Untracked 
|  52|0x0000000708600000, 0x0000000708600000, 0x0000000708800000|  0%| F|  |TAMS 0x0000000708600000, 0x0000000708600000| Untracked 
|  53|0x0000000708800000, 0x0000000708800000, 0x0000000708a00000|  0%| F|  |TAMS 0x0000000708800000, 0x0000000708800000| Untracked 
|  54|0x0000000708a00000, 0x0000000708a00000, 0x0000000708c00000|  0%| F|  |TAMS 0x0000000708a00000, 0x0000000708a00000| Untracked 
|  55|0x0000000708c00000, 0x0000000708c00000, 0x0000000708e00000|  0%| F|  |TAMS 0x0000000708c00000, 0x0000000708c00000| Untracked 
|  56|0x0000000708e00000, 0x0000000708e00000, 0x0000000709000000|  0%| F|  |TAMS 0x0000000708e00000, 0x0000000708e00000| Untracked 
|  57|0x0000000709000000, 0x0000000709000000, 0x0000000709200000|  0%| F|  |TAMS 0x0000000709000000, 0x0000000709000000| Untracked 
|  58|0x0000000709200000, 0x0000000709200000, 0x0000000709400000|  0%| F|  |TAMS 0x0000000709200000, 0x0000000709200000| Untracked 
|  59|0x0000000709400000, 0x0000000709400000, 0x0000000709600000|  0%| F|  |TAMS 0x0000000709400000, 0x0000000709400000| Untracked 
|  60|0x0000000709600000, 0x0000000709600000, 0x0000000709800000|  0%| F|  |TAMS 0x0000000709600000, 0x0000000709600000| Untracked 
|  61|0x0000000709800000, 0x0000000709800000, 0x0000000709a00000|  0%| F|  |TAMS 0x0000000709800000, 0x0000000709800000| Untracked 
|  62|0x0000000709a00000, 0x0000000709a00000, 0x0000000709c00000|  0%| F|  |TAMS 0x0000000709a00000, 0x0000000709a00000| Untracked 
|  63|0x0000000709c00000, 0x0000000709c00000, 0x0000000709e00000|  0%| F|  |TAMS 0x0000000709c00000, 0x0000000709c00000| Untracked 
|  64|0x0000000709e00000, 0x0000000709e00000, 0x000000070a000000|  0%| F|  |TAMS 0x0000000709e00000, 0x0000000709e00000| Untracked 
|  65|0x000000070a000000, 0x000000070a000000, 0x000000070a200000|  0%| F|  |TAMS 0x000000070a000000, 0x000000070a000000| Untracked 
|  66|0x000000070a200000, 0x000000070a200000, 0x000000070a400000|  0%| F|  |TAMS 0x000000070a200000, 0x000000070a200000| Untracked 
|  67|0x000000070a400000, 0x000000070a400000, 0x000000070a600000|  0%| F|  |TAMS 0x000000070a400000, 0x000000070a400000| Untracked 
|  68|0x000000070a600000, 0x000000070a600000, 0x000000070a800000|  0%| F|  |TAMS 0x000000070a600000, 0x000000070a600000| Untracked 
|  69|0x000000070a800000, 0x000000070a800000, 0x000000070aa00000|  0%| F|  |TAMS 0x000000070a800000, 0x000000070a800000| Untracked 
|  70|0x000000070aa00000, 0x000000070aa00000, 0x000000070ac00000|  0%| F|  |TAMS 0x000000070aa00000, 0x000000070aa00000| Untracked 
|  71|0x000000070ac00000, 0x000000070ac00000, 0x000000070ae00000|  0%| F|  |TAMS 0x000000070ac00000, 0x000000070ac00000| Untracked 
|  72|0x000000070ae00000, 0x000000070ae00000, 0x000000070b000000|  0%| F|  |TAMS 0x000000070ae00000, 0x000000070ae00000| Untracked 
|  73|0x000000070b000000, 0x000000070b000000, 0x000000070b200000|  0%| F|  |TAMS 0x000000070b000000, 0x000000070b000000| Untracked 
|  74|0x000000070b200000, 0x000000070b200000, 0x000000070b400000|  0%| F|  |TAMS 0x000000070b200000, 0x000000070b200000| Untracked 
|  75|0x000000070b400000, 0x000000070b400000, 0x000000070b600000|  0%| F|  |TAMS 0x000000070b400000, 0x000000070b400000| Untracked 
|  76|0x000000070b600000, 0x000000070b600000, 0x000000070b800000|  0%| F|  |TAMS 0x000000070b600000, 0x000000070b600000| Untracked 
|  77|0x000000070b800000, 0x000000070b800000, 0x000000070ba00000|  0%| F|  |TAMS 0x000000070b800000, 0x000000070b800000| Untracked 
|  78|0x000000070ba00000, 0x000000070ba00000, 0x000000070bc00000|  0%| F|  |TAMS 0x000000070ba00000, 0x000000070ba00000| Untracked 
|  79|0x000000070bc00000, 0x000000070bc00000, 0x000000070be00000|  0%| F|  |TAMS 0x000000070bc00000, 0x000000070bc00000| Untracked 
|  80|0x000000070be00000, 0x000000070be00000, 0x000000070c000000|  0%| F|  |TAMS 0x000000070be00000, 0x000000070be00000| Untracked 
|  81|0x000000070c000000, 0x000000070c000000, 0x000000070c200000|  0%| F|  |TAMS 0x000000070c000000, 0x000000070c000000| Untracked 
|  82|0x000000070c200000, 0x000000070c200000, 0x000000070c400000|  0%| F|  |TAMS 0x000000070c200000, 0x000000070c200000| Untracked 
|  83|0x000000070c400000, 0x000000070c400000, 0x000000070c600000|  0%| F|  |TAMS 0x000000070c400000, 0x000000070c400000| Untracked 
|  84|0x000000070c600000, 0x000000070c600000, 0x000000070c800000|  0%| F|  |TAMS 0x000000070c600000, 0x000000070c600000| Untracked 
|  85|0x000000070c800000, 0x000000070c800000, 0x000000070ca00000|  0%| F|  |TAMS 0x000000070c800000, 0x000000070c800000| Untracked 
|  86|0x000000070ca00000, 0x000000070ca00000, 0x000000070cc00000|  0%| F|  |TAMS 0x000000070ca00000, 0x000000070ca00000| Untracked 
|  87|0x000000070cc00000, 0x000000070cc00000, 0x000000070ce00000|  0%| F|  |TAMS 0x000000070cc00000, 0x000000070cc00000| Untracked 
|  88|0x000000070ce00000, 0x000000070ce00000, 0x000000070d000000|  0%| F|  |TAMS 0x000000070ce00000, 0x000000070ce00000| Untracked 
|  89|0x000000070d000000, 0x000000070d000000, 0x000000070d200000|  0%| F|  |TAMS 0x000000070d000000, 0x000000070d000000| Untracked 
|  90|0x000000070d200000, 0x000000070d200000, 0x000000070d400000|  0%| F|  |TAMS 0x000000070d200000, 0x000000070d200000| Untracked 
|  91|0x000000070d400000, 0x000000070d400000, 0x000000070d600000|  0%| F|  |TAMS 0x000000070d400000, 0x000000070d400000| Untracked 
|  92|0x000000070d600000, 0x000000070d600000, 0x000000070d800000|  0%| F|  |TAMS 0x000000070d600000, 0x000000070d600000| Untracked 
|  93|0x000000070d800000, 0x000000070d800000, 0x000000070da00000|  0%| F|  |TAMS 0x000000070d800000, 0x000000070d800000| Untracked 
|  94|0x000000070da00000, 0x000000070da00000, 0x000000070dc00000|  0%| F|  |TAMS 0x000000070da00000, 0x000000070da00000| Untracked 
|  95|0x000000070dc00000, 0x000000070dc00000, 0x000000070de00000|  0%| F|  |TAMS 0x000000070dc00000, 0x000000070dc00000| Untracked 
|  96|0x000000070de00000, 0x000000070de00000, 0x000000070e000000|  0%| F|  |TAMS 0x000000070de00000, 0x000000070de00000| Untracked 
|  97|0x000000070e000000, 0x000000070e000000, 0x000000070e200000|  0%| F|  |TAMS 0x000000070e000000, 0x000000070e000000| Untracked 
|  98|0x000000070e200000, 0x000000070e200000, 0x000000070e400000|  0%| F|  |TAMS 0x000000070e200000, 0x000000070e200000| Untracked 
|  99|0x000000070e400000, 0x000000070e400000, 0x000000070e600000|  0%| F|  |TAMS 0x000000070e400000, 0x000000070e400000| Untracked 
| 100|0x000000070e600000, 0x000000070e600000, 0x000000070e800000|  0%| F|  |TAMS 0x000000070e600000, 0x000000070e600000| Untracked 
| 101|0x000000070e800000, 0x000000070e800000, 0x000000070ea00000|  0%| F|  |TAMS 0x000000070e800000, 0x000000070e800000| Untracked 
| 102|0x000000070ea00000, 0x000000070ea00000, 0x000000070ec00000|  0%| F|  |TAMS 0x000000070ea00000, 0x000000070ea00000| Untracked 
| 103|0x000000070ec00000, 0x000000070ec00000, 0x000000070ee00000|  0%| F|  |TAMS 0x000000070ec00000, 0x000000070ec00000| Untracked 
| 104|0x000000070ee00000, 0x000000070ee00000, 0x000000070f000000|  0%| F|  |TAMS 0x000000070ee00000, 0x000000070ee00000| Untracked 
| 105|0x000000070f000000, 0x000000070f000000, 0x000000070f200000|  0%| F|  |TAMS 0x000000070f000000, 0x000000070f000000| Untracked 
| 106|0x000000070f200000, 0x000000070f200000, 0x000000070f400000|  0%| F|  |TAMS 0x000000070f200000, 0x000000070f200000| Untracked 
| 107|0x000000070f400000, 0x000000070f400000, 0x000000070f600000|  0%| F|  |TAMS 0x000000070f400000, 0x000000070f400000| Untracked 
| 108|0x000000070f600000, 0x000000070f600000, 0x000000070f800000|  0%| F|  |TAMS 0x000000070f600000, 0x000000070f600000| Untracked 
| 109|0x000000070f800000, 0x000000070f800000, 0x000000070fa00000|  0%| F|  |TAMS 0x000000070f800000, 0x000000070f800000| Untracked 
| 110|0x000000070fa00000, 0x000000070fa00000, 0x000000070fc00000|  0%| F|  |TAMS 0x000000070fa00000, 0x000000070fa00000| Untracked 
| 111|0x000000070fc00000, 0x000000070fc00000, 0x000000070fe00000|  0%| F|  |TAMS 0x000000070fc00000, 0x000000070fc00000| Untracked 
| 112|0x000000070fe00000, 0x000000070fe00000, 0x0000000710000000|  0%| F|  |TAMS 0x000000070fe00000, 0x000000070fe00000| Untracked 
| 113|0x0000000710000000, 0x0000000710000000, 0x0000000710200000|  0%| F|  |TAMS 0x0000000710000000, 0x0000000710000000| Untracked 
| 114|0x0000000710200000, 0x0000000710200000, 0x0000000710400000|  0%| F|  |TAMS 0x0000000710200000, 0x0000000710200000| Untracked 
| 115|0x0000000710400000, 0x0000000710400000, 0x0000000710600000|  0%| F|  |TAMS 0x0000000710400000, 0x0000000710400000| Untracked 
| 116|0x0000000710600000, 0x0000000710600000, 0x0000000710800000|  0%| F|  |TAMS 0x0000000710600000, 0x0000000710600000| Untracked 
| 117|0x0000000710800000, 0x0000000710800000, 0x0000000710a00000|  0%| F|  |TAMS 0x0000000710800000, 0x0000000710800000| Untracked 
| 118|0x0000000710a00000, 0x0000000710a00000, 0x0000000710c00000|  0%| F|  |TAMS 0x0000000710a00000, 0x0000000710a00000| Untracked 
| 119|0x0000000710c00000, 0x0000000710c00000, 0x0000000710e00000|  0%| F|  |TAMS 0x0000000710c00000, 0x0000000710c00000| Untracked 
| 120|0x0000000710e00000, 0x0000000710e00000, 0x0000000711000000|  0%| F|  |TAMS 0x0000000710e00000, 0x0000000710e00000| Untracked 
| 121|0x0000000711000000, 0x00000007110e3b10, 0x0000000711200000| 44%| E|  |TAMS 0x0000000711000000, 0x0000000711000000| Complete 
| 122|0x0000000711200000, 0x0000000711400000, 0x0000000711400000|100%| E|CS|TAMS 0x0000000711200000, 0x0000000711200000| Complete 
| 123|0x0000000711400000, 0x0000000711600000, 0x0000000711600000|100%| E|CS|TAMS 0x0000000711400000, 0x0000000711400000| Complete 
| 124|0x0000000711600000, 0x0000000711800000, 0x0000000711800000|100%| E|CS|TAMS 0x0000000711600000, 0x0000000711600000| Complete 
| 125|0x0000000711800000, 0x0000000711a00000, 0x0000000711a00000|100%| E|CS|TAMS 0x0000000711800000, 0x0000000711800000| Complete 
| 126|0x0000000711a00000, 0x0000000711c00000, 0x0000000711c00000|100%| E|  |TAMS 0x0000000711a00000, 0x0000000711a00000| Complete 
| 127|0x0000000711c00000, 0x0000000711e00000, 0x0000000711e00000|100%| E|CS|TAMS 0x0000000711c00000, 0x0000000711c00000| Complete 

Card table byte_map: [0x0000026a527c0000,0x0000026a52fc0000] _byte_map_base: 0x0000026a4efb1000

Marking Bits (Prev, Next): (CMBitMap*) 0x0000026a3eed3030, (CMBitMap*) 0x0000026a3eed3070
 Prev Bits: [0x0000026a537c0000, 0x0000026a57748000)
 Next Bits: [0x0000026a57750000, 0x0000026a5b6d8000)

Polling page: 0x0000026a3d5e0000

Metaspace:

Usage:
  Non-class:      8.06 MB used.
      Class:    783.92 KB used.
       Both:      8.83 MB used.

Virtual space:
  Non-class space:       64.00 MB reserved,       8.12 MB ( 13%) committed,  1 nodes.
      Class space:        1.00 GB reserved,     832.00 KB ( <1%) committed,  1 nodes.
             Both:        1.06 GB reserved,       8.94 MB ( <1%) committed. 

Chunk freelists:
   Non-Class:  7.88 MB
       Class:  15.13 MB
        Both:  23.00 MB

MaxMetaspaceSize: unlimited
CompressedClassSpaceSize: 1.00 GB
Initial GC threshold: 21.00 MB
Current GC threshold: 21.00 MB
CDS: off
MetaspaceReclaimPolicy: balanced
 - commit_granule_bytes: 65536.
 - commit_granule_words: 8192.
 - virtual_space_node_default_size: 8388608.
 - enlarge_chunks_in_place: 1.
 - new_chunks_are_fully_committed: 0.
 - uncommit_free_chunks: 1.
 - use_allocation_guard: 0.
 - handle_deallocations: 1.


Internal statistics:

num_allocs_failed_limit: 0.
num_arena_births: 58.
num_arena_deaths: 0.
num_vsnodes_births: 2.
num_vsnodes_deaths: 0.
num_space_committed: 143.
num_space_uncommitted: 0.
num_chunks_returned_to_freelist: 0.
num_chunks_taken_from_freelist: 128.
num_chunk_merges: 0.
num_chunk_splits: 76.
num_chunks_enlarged: 52.
num_inconsistent_stats: 0.

CodeHeap 'non-profiled nmethods': size=120000Kb used=203Kb max_used=203Kb free=119796Kb
 bounds [0x0000026a4a030000, 0x0000026a4a2a0000, 0x0000026a51560000]
CodeHeap 'profiled nmethods': size=120000Kb used=1043Kb max_used=1043Kb free=118956Kb
 bounds [0x0000026a42560000, 0x0000026a427d0000, 0x0000026a49a90000]
CodeHeap 'non-nmethods': size=5760Kb used=1135Kb max_used=1149Kb free=4625Kb
 bounds [0x0000026a49a90000, 0x0000026a49d00000, 0x0000026a4a030000]
 total_blobs=1075 nmethods=658 adapters=330
 compilation: enabled
              stopped_count=0, restarted_count=0
 full_count=0

Compilation events (20 events):
Event: 5.292 Thread 0x0000026a5e309ec0 nmethod 638 0x0000026a4265a390 code [0x0000026a4265a540, 0x0000026a4265a888]
Event: 5.292 Thread 0x0000026a5e309ec0  640   !   3       java.util.concurrent.ConcurrentHashMap::computeIfAbsent (576 bytes)
Event: 5.311 Thread 0x0000026a5e309ec0 nmethod 640 0x0000026a4265aa10 code [0x0000026a4265ae20, 0x0000026a4265d238]
Event: 5.311 Thread 0x0000026a5e309ec0  641       3       java.util.zip.InflaterInputStream::close (34 bytes)
Event: 5.313 Thread 0x0000026a5e309ec0 nmethod 641 0x0000026a4265e310 code [0x0000026a4265e4c0, 0x0000026a4265e778]
Event: 5.313 Thread 0x0000026a5e309ec0  639       3       java.util.zip.ZipUtils::CENTIM (9 bytes)
Event: 5.313 Thread 0x0000026a5e309ec0 nmethod 639 0x0000026a4265e890 code [0x0000026a4265ea40, 0x0000026a4265ed18]
Event: 5.314 Thread 0x0000026a5e309ec0  643       3       java.util.zip.ZipCoder$UTF8ZipCoder::hasTrailingSlash (20 bytes)
Event: 5.314 Thread 0x0000026a5e309ec0 nmethod 643 0x0000026a4265ee90 code [0x0000026a4265f020, 0x0000026a4265f1f8]
Event: 5.337 Thread 0x0000026a5e309ec0  644       3       java.lang.ClassLoader::loadClass (7 bytes)
Event: 5.337 Thread 0x0000026a5e309ec0 nmethod 644 0x0000026a4265f310 code [0x0000026a4265f4c0, 0x0000026a4265f688]
Event: 5.337 Thread 0x0000026a5e309ec0  645       3       jdk.internal.loader.ClassLoaders$AppClassLoader::loadClass (40 bytes)
Event: 5.341 Thread 0x0000026a5e309ec0 nmethod 645 0x0000026a4265f710 code [0x0000026a4265f960, 0x0000026a426602d8]
Event: 5.341 Thread 0x0000026a5e309ec0  646       3       jdk.internal.loader.ClassLoaders$BootClassLoader::loadClassOrNull (10 bytes)
Event: 5.343 Thread 0x0000026a5e309ec0 nmethod 646 0x0000026a42660690 code [0x0000026a42660860, 0x0000026a42660af8]
Event: 5.358 Thread 0x0000026a5e309ec0  648       3       java.lang.StringLatin1::getChars (12 bytes)
Event: 5.359 Thread 0x0000026a5e309ec0 nmethod 648 0x0000026a42660c10 code [0x0000026a42660da0, 0x0000026a42660ec8]
Event: 5.361 Thread 0x0000026a5e309ec0  649   !   3       java.lang.String::<init> (843 bytes)
Event: 5.375 Thread 0x0000026a5e309ec0 nmethod 649 0x0000026a42660f90 code [0x0000026a426614a0, 0x0000026a426642c8]
Event: 5.375 Thread 0x0000026a5e309ec0  651       3       java.net.URLStreamHandler::parseURL (1201 bytes)

GC Heap History (0 events):
No events

Dll operation events (5 events):
Event: 0.096 Loaded shared library C:\Users\DELL\.p2\pool\plugins\org.eclipse.justj.openjdk.hotspot.jre.full.win32.x86_64_17.0.10.v20240120-1143\jre\bin\java.dll
Event: 2.337 Loaded shared library C:\Users\DELL\.p2\pool\plugins\org.eclipse.justj.openjdk.hotspot.jre.full.win32.x86_64_17.0.10.v20240120-1143\jre\bin\net.dll
Event: 2.409 Loaded shared library C:\Users\DELL\.p2\pool\plugins\org.eclipse.justj.openjdk.hotspot.jre.full.win32.x86_64_17.0.10.v20240120-1143\jre\bin\nio.dll
Event: 2.475 Loaded shared library C:\Users\DELL\.p2\pool\plugins\org.eclipse.justj.openjdk.hotspot.jre.full.win32.x86_64_17.0.10.v20240120-1143\jre\bin\zip.dll
Event: 3.914 Loaded shared library C:\Users\DELL\.p2\pool\plugins\org.eclipse.justj.openjdk.hotspot.jre.full.win32.x86_64_17.0.10.v20240120-1143\jre\bin\jimage.dll

Deoptimization events (20 events):
Event: 2.143 Thread 0x0000026a3ee64d80 DEOPT PACKING pc=0x0000026a4a031600 sp=0x000000712e4ff2a0
Event: 2.143 Thread 0x0000026a3ee64d80 DEOPT UNPACKING pc=0x0000026a49ae69a3 sp=0x000000712e4ff1e0 mode 2
Event: 2.988 Thread 0x0000026a3ee64d80 DEOPT PACKING pc=0x0000026a42578d67 sp=0x000000712e4fdff0
Event: 2.988 Thread 0x0000026a3ee64d80 DEOPT UNPACKING pc=0x0000026a49ae7143 sp=0x000000712e4fd410 mode 0
Event: 3.036 Thread 0x0000026a3ee64d80 DEOPT PACKING pc=0x0000026a42567751 sp=0x000000712e4fdb10
Event: 3.037 Thread 0x0000026a3ee64d80 DEOPT UNPACKING pc=0x0000026a49ae7143 sp=0x000000712e4fcf88 mode 0
Event: 4.171 Thread 0x0000026a3ee64d80 Uncommon trap: trap_request=0xffffff45 fr.pc=0x0000026a4a039ae4 relative=0x0000000000000064
Event: 4.171 Thread 0x0000026a3ee64d80 Uncommon trap: reason=unstable_if action=reinterpret pc=0x0000026a4a039ae4 method=java.io.WinNTFileSystem.isSlash(C)Z @ 9 c2
Event: 4.171 Thread 0x0000026a3ee64d80 DEOPT PACKING pc=0x0000026a4a039ae4 sp=0x000000712e4fdf40
Event: 4.171 Thread 0x0000026a3ee64d80 DEOPT UNPACKING pc=0x0000026a49ae69a3 sp=0x000000712e4fdec8 mode 2
Event: 4.405 Thread 0x0000026a3ee64d80 DEOPT PACKING pc=0x0000026a425b9565 sp=0x000000712e4fbc60
Event: 4.405 Thread 0x0000026a3ee64d80 DEOPT UNPACKING pc=0x0000026a49ae7143 sp=0x000000712e4fb0b0 mode 0
Event: 4.702 Thread 0x0000026a3ee64d80 Uncommon trap: trap_request=0xffffff6e fr.pc=0x0000026a4a04e7e8 relative=0x0000000000000448
Event: 4.702 Thread 0x0000026a3ee64d80 Uncommon trap: reason=loop_limit_check action=maybe_recompile pc=0x0000026a4a04e7e8 method=java.lang.StringLatin1.indexOf([BI[BII)I @ 37 c2
Event: 4.702 Thread 0x0000026a3ee64d80 DEOPT PACKING pc=0x0000026a4a04e7e8 sp=0x000000712e4fe0b0
Event: 4.703 Thread 0x0000026a3ee64d80 DEOPT UNPACKING pc=0x0000026a49ae69a3 sp=0x000000712e4fe010 mode 2
Event: 5.027 Thread 0x0000026a3ee64d80 DEOPT PACKING pc=0x0000026a42589dd6 sp=0x000000712e4fd5e0
Event: 5.027 Thread 0x0000026a3ee64d80 DEOPT UNPACKING pc=0x0000026a49ae7143 sp=0x000000712e4fca68 mode 0
Event: 5.361 Thread 0x0000026a3ee64d80 DEOPT PACKING pc=0x0000026a425a6ea4 sp=0x000000712e4fe1d0
Event: 5.361 Thread 0x0000026a3ee64d80 DEOPT UNPACKING pc=0x0000026a49ae7143 sp=0x000000712e4fd680 mode 0

Classes unloaded (0 events):
No events

Classes redefined (0 events):
No events

Internal exceptions (2 events):
Event: 4.669 Thread 0x0000026a3ee64d80 Exception <a 'java/lang/NoSuchMethodError'{0x0000000711211318}: 'java.lang.Object java.lang.invoke.DirectMethodHandle$Holder.invokeSpecial(java.lang.Object, java.lang.Object, java.lang.Object, long, java.lang.Object)'> (0x0000000711211318) 
thrown [s\src\hotspot\share\interpreter\linkResolver.cpp, line 759]
Event: 4.673 Thread 0x0000026a3ee64d80 Exception <a 'java/lang/NoSuchMethodError'{0x0000000711214fb8}: 'java.lang.Object java.lang.invoke.Invokers$Holder.linkToTargetMethod(java.lang.Object, long, java.lang.Object, java.lang.Object)'> (0x0000000711214fb8) 
thrown [s\src\hotspot\share\interpreter\linkResolver.cpp, line 759]

VM Operations (14 events):
Event: 2.433 Executing VM operation: Cleanup
Event: 2.449 Executing VM operation: Cleanup done
Event: 2.572 Executing VM operation: HandshakeAllThreads
Event: 2.572 Executing VM operation: HandshakeAllThreads done
Event: 3.344 Executing VM operation: HandshakeAllThreads
Event: 3.344 Executing VM operation: HandshakeAllThreads done
Event: 4.169 Executing VM operation: HandshakeAllThreads
Event: 4.169 Executing VM operation: HandshakeAllThreads done
Event: 4.170 Executing VM operation: Cleanup
Event: 4.170 Executing VM operation: Cleanup done
Event: 5.174 Executing VM operation: Cleanup
Event: 5.193 Executing VM operation: Cleanup done
Event: 5.296 Executing VM operation: HandshakeAllThreads
Event: 5.297 Executing VM operation: HandshakeAllThreads done

Events (20 events):
Event: 5.055 loading class java/lang/NumberFormatException
Event: 5.055 loading class java/lang/NumberFormatException done
Event: 5.114 loading class java/lang/InterruptedException
Event: 5.114 loading class java/lang/InterruptedException done
Event: 5.115 loading class java/util/concurrent/TimeoutException
Event: 5.115 loading class java/util/concurrent/TimeoutException done
Event: 5.287 loading class java/lang/IllegalAccessError
Event: 5.287 loading class java/lang/IllegalAccessError done
Event: 5.349 loading class java/util/IdentityHashMap$EntrySet
Event: 5.349 loading class java/util/IdentityHashMap$EntrySet done
Event: 5.349 loading class java/util/IdentityHashMap$EntryIterator
Event: 5.349 loading class java/util/IdentityHashMap$IdentityHashMapIterator
Event: 5.349 loading class java/util/IdentityHashMap$IdentityHashMapIterator done
Event: 5.349 loading class java/util/IdentityHashMap$EntryIterator done
Event: 5.350 loading class java/util/IdentityHashMap$EntryIterator$Entry
Event: 5.350 loading class java/util/IdentityHashMap$EntryIterator$Entry done
Event: 5.350 loading class java/util/IdentityHashMap$Values
Event: 5.351 loading class java/util/IdentityHashMap$Values done
Event: 5.351 loading class java/util/IdentityHashMap$ValueIterator
Event: 5.352 loading class java/util/IdentityHashMap$ValueIterator done


Dynamic libraries:
0x00007ff65e5c0000 - 0x00007ff65e5ce000 	C:\Users\DELL\.p2\pool\plugins\org.eclipse.justj.openjdk.hotspot.jre.full.win32.x86_64_17.0.10.v20240120-1143\jre\bin\javaw.exe
0x00007ffeebf80000 - 0x00007ffeec1e0000 	C:\WINDOWS\SYSTEM32\ntdll.dll
0x00007ffeeaef0000 - 0x00007ffeeafb7000 	C:\WINDOWS\System32\KERNEL32.DLL
0x00007ffee92b0000 - 0x00007ffee967a000 	C:\WINDOWS\System32\KERNELBASE.dll
0x00007ffee9160000 - 0x00007ffee92ab000 	C:\WINDOWS\System32\ucrtbase.dll
0x00007ffee5110000 - 0x00007ffee5127000 	C:\Users\DELL\.p2\pool\plugins\org.eclipse.justj.openjdk.hotspot.jre.full.win32.x86_64_17.0.10.v20240120-1143\jre\bin\jli.dll
0x00007ffee5130000 - 0x00007ffee514b000 	C:\Users\DELL\.p2\pool\plugins\org.eclipse.justj.openjdk.hotspot.jre.full.win32.x86_64_17.0.10.v20240120-1143\jre\bin\VCRUNTIME140.dll
0x00007ffeebd70000 - 0x00007ffeebf3c000 	C:\WINDOWS\System32\USER32.dll
0x00007ffee9680000 - 0x00007ffee96a7000 	C:\WINDOWS\System32\win32u.dll
0x00007ffed38a0000 - 0x00007ffed3b37000 	C:\WINDOWS\WinSxS\amd64_microsoft.windows.common-controls_6595b64144ccf1df_6.0.26100.3624_none_3e086962e3345f24\COMCTL32.dll
0x00007ffeebc60000 - 0x00007ffeebc8a000 	C:\WINDOWS\System32\GDI32.dll
0x00007ffeeb280000 - 0x00007ffeeb329000 	C:\WINDOWS\System32\msvcrt.dll
0x00007ffee9970000 - 0x00007ffee9aa1000 	C:\WINDOWS\System32\gdi32full.dll
0x00007ffee9820000 - 0x00007ffee98c3000 	C:\WINDOWS\System32\msvcp_win.dll
0x00007ffeeb1c0000 - 0x00007ffeeb1ef000 	C:\WINDOWS\System32\IMM32.DLL
0x00007ffee5100000 - 0x00007ffee510c000 	C:\Users\DELL\.p2\pool\plugins\org.eclipse.justj.openjdk.hotspot.jre.full.win32.x86_64_17.0.10.v20240120-1143\jre\bin\vcruntime140_1.dll
0x00007ffeb3210000 - 0x00007ffeb329d000 	C:\Users\DELL\.p2\pool\plugins\org.eclipse.justj.openjdk.hotspot.jre.full.win32.x86_64_17.0.10.v20240120-1143\jre\bin\msvcp140.dll
0x00007ffe42920000 - 0x00007ffe43582000 	C:\Users\DELL\.p2\pool\plugins\org.eclipse.justj.openjdk.hotspot.jre.full.win32.x86_64_17.0.10.v20240120-1143\jre\bin\server\jvm.dll
0x00007ffeea740000 - 0x00007ffeea7f2000 	C:\WINDOWS\System32\ADVAPI32.dll
0x00007ffeea880000 - 0x00007ffeea926000 	C:\WINDOWS\System32\sechost.dll
0x00007ffeeb0a0000 - 0x00007ffeeb1b6000 	C:\WINDOWS\System32\RPCRT4.dll
0x00007ffee7d90000 - 0x00007ffee7dee000 	C:\WINDOWS\SYSTEM32\POWRPROF.dll
0x00007ffecf070000 - 0x00007ffecf07a000 	C:\WINDOWS\SYSTEM32\WSOCK32.dll
0x00007ffed3b40000 - 0x00007ffed3b76000 	C:\WINDOWS\SYSTEM32\WINMM.dll
0x00007ffee7580000 - 0x00007ffee758b000 	C:\WINDOWS\SYSTEM32\VERSION.dll
0x00007ffeeab70000 - 0x00007ffeeabe4000 	C:\WINDOWS\System32\ws2_32.DLL
0x00007ffee7d70000 - 0x00007ffee7d84000 	C:\WINDOWS\SYSTEM32\UMPDC.dll
0x00007ffee8050000 - 0x00007ffee806a000 	C:\WINDOWS\SYSTEM32\kernel.appcore.dll
0x00007ffee2430000 - 0x00007ffee243a000 	C:\Users\DELL\.p2\pool\plugins\org.eclipse.justj.openjdk.hotspot.jre.full.win32.x86_64_17.0.10.v20240120-1143\jre\bin\jimage.dll
0x00007ffedd050000 - 0x00007ffedd291000 	C:\WINDOWS\SYSTEM32\DBGHELP.DLL
0x00007ffee9d80000 - 0x00007ffeea102000 	C:\WINDOWS\System32\combase.dll
0x00007ffeebc90000 - 0x00007ffeebd66000 	C:\WINDOWS\System32\OLEAUT32.dll
0x00007ffe72460000 - 0x00007ffe72499000 	C:\WINDOWS\SYSTEM32\dbgcore.DLL
0x00007ffee98d0000 - 0x00007ffee9969000 	C:\WINDOWS\System32\bcryptPrimitives.dll
0x00007ffeba540000 - 0x00007ffeba565000 	C:\Users\DELL\.p2\pool\plugins\org.eclipse.justj.openjdk.hotspot.jre.full.win32.x86_64_17.0.10.v20240120-1143\jre\bin\java.dll
0x00007ffed75f0000 - 0x00007ffed7608000 	C:\Users\DELL\.p2\pool\plugins\org.eclipse.justj.openjdk.hotspot.jre.full.win32.x86_64_17.0.10.v20240120-1143\jre\bin\zip.dll
0x00007ffeeb420000 - 0x00007ffeebb49000 	C:\WINDOWS\System32\SHELL32.dll
0x00007ffee96b0000 - 0x00007ffee9818000 	C:\WINDOWS\System32\wintypes.dll
0x00007ffee6cb0000 - 0x00007ffee7502000 	C:\WINDOWS\SYSTEM32\windows.storage.dll
0x00007ffeeb330000 - 0x00007ffeeb41d000 	C:\WINDOWS\System32\SHCORE.dll
0x00007ffeeafc0000 - 0x00007ffeeb024000 	C:\WINDOWS\System32\shlwapi.dll
0x00007ffee9070000 - 0x00007ffee909f000 	C:\WINDOWS\SYSTEM32\profapi.dll
0x00007ffeb5060000 - 0x00007ffeb5079000 	C:\Users\DELL\.p2\pool\plugins\org.eclipse.justj.openjdk.hotspot.jre.full.win32.x86_64_17.0.10.v20240120-1143\jre\bin\net.dll
0x00007ffee6b90000 - 0x00007ffee6cad000 	C:\WINDOWS\SYSTEM32\WINHTTP.dll
0x00007ffee8550000 - 0x00007ffee85ba000 	C:\WINDOWS\system32\mswsock.dll
0x00007ffeb4760000 - 0x00007ffeb4776000 	C:\Users\DELL\.p2\pool\plugins\org.eclipse.justj.openjdk.hotspot.jre.full.win32.x86_64_17.0.10.v20240120-1143\jre\bin\nio.dll

dbghelp: loaded successfully - version: 4.0.5 - missing functions: none
symbol engine: initialized successfully - sym options: 0x614 - pdb path: .;C:\Users\DELL\.p2\pool\plugins\org.eclipse.justj.openjdk.hotspot.jre.full.win32.x86_64_17.0.10.v20240120-1143\jre\bin;C:\WINDOWS\SYSTEM32;C:\WINDOWS\WinSxS\amd64_microsoft.windows.common-controls_6595b64144ccf1df_6.0.26100.3624_none_3e086962e3345f24;C:\Users\DELL\.p2\pool\plugins\org.eclipse.justj.openjdk.hotspot.jre.full.win32.x86_64_17.0.10.v20240120-1143\jre\bin\server

VM Arguments:
jvm_args: -Dfile.encoding=UTF-8 -Dstdout.encoding=UTF-8 -Dstderr.encoding=UTF-8 -XX:+ShowCodeDetailsInExceptionMessages 
java_command: com.example.loyaltyplus.LoyaltyplusApplication
java_class_path (initial): C:\Users\DELL\OneDrive\Documents\eclipse-workspace\loyaltyplus\LoyaltyPlus\target\classes;C:\Users\DELL\.m2\repository\org\springframework\boot\spring-boot-starter-data-jpa\3.4.5\spring-boot-starter-data-jpa-3.4.5.jar;C:\Users\DELL\.m2\repository\org\springframework\boot\spring-boot-starter\3.4.5\spring-boot-starter-3.4.5.jar;C:\Users\DELL\.m2\repository\org\springframework\boot\spring-boot-starter-logging\3.4.5\spring-boot-starter-logging-3.4.5.jar;C:\Users\DELL\.m2\repository\ch\qos\logback\logback-classic\1.5.18\logback-classic-1.5.18.jar;C:\Users\DELL\.m2\repository\ch\qos\logback\logback-core\1.5.18\logback-core-1.5.18.jar;C:\Users\DELL\.m2\repository\org\apache\logging\log4j\log4j-to-slf4j\2.24.3\log4j-to-slf4j-2.24.3.jar;C:\Users\DELL\.m2\repository\org\apache\logging\log4j\log4j-api\2.24.3\log4j-api-2.24.3.jar;C:\Users\DELL\.m2\repository\org\slf4j\jul-to-slf4j\2.0.17\jul-to-slf4j-2.0.17.jar;C:\Users\DELL\.m2\repository\jakarta\annotation\jakarta.annotation-api\2.1.1\jakarta.annotation-api-2.1.1.jar;C:\Users\DELL\.m2\repository\org\yaml\snakeyaml\2.3\snakeyaml-2.3.jar;C:\Users\DELL\.m2\repository\org\springframework\boot\spring-boot-starter-jdbc\3.4.5\spring-boot-starter-jdbc-3.4.5.jar;C:\Users\DELL\.m2\repository\com\zaxxer\HikariCP\5.1.0\HikariCP-5.1.0.jar;C:\Users\DELL\.m2\repository\org\springframework\spring-jdbc\6.2.6\spring-jdbc-6.2.6.jar;C:\Users\DELL\.m2\repository\org\hibernate\orm\hibernate-core\6.6.13.Final\hibernate-core-6.6.13.Final.jar;C:\Users\DELL\.m2\repository\jakarta\persistence\jakarta.persistence-api\3.1.0\jakarta.persistence-api-3.1.0.jar;C:\Users\DELL\.m2\repository\jakarta\transaction\jakarta.transaction-api\2.0.1\jakarta.transaction-api-2.0.1.jar;C:\Users\DELL\.m2\repository\org\hibernate\common\hibernate-commons-annotations\7.0.3.Final\hibernate-commons-annotations-7.0.3.Final.jar;C:\Users\DELL\.m2\repository\io\smallrye\jandex\3.2.0\jandex-3.2.0.jar;C:\Users\DELL\.m2\repository\net\bytebuddy\byte-buddy
Launcher Type: SUN_STANDARD

[Global flags]
     intx CICompilerCount                          = 4                                         {product} {ergonomic}
     uint ConcGCThreads                            = 2                                         {product} {ergonomic}
     uint G1ConcRefinementThreads                  = 8                                         {product} {ergonomic}
   size_t G1HeapRegionSize                         = 2097152                                   {product} {ergonomic}
    uintx GCDrainStackTargetSize                   = 64                                        {product} {ergonomic}
   size_t InitialHeapSize                          = 268435456                                 {product} {ergonomic}
   size_t MarkStackSize                            = 4194304                                   {product} {ergonomic}
   size_t MaxHeapSize                              = 4263510016                                {product} {ergonomic}
   size_t MaxNewSize                               = 2556428288                                {product} {ergonomic}
   size_t MinHeapDeltaBytes                        = 2097152                                   {product} {ergonomic}
   size_t MinHeapSize                              = 8388608                                   {product} {ergonomic}
    uintx NonNMethodCodeHeapSize                   = 5839372                                {pd product} {ergonomic}
    uintx NonProfiledCodeHeapSize                  = 122909434                              {pd product} {ergonomic}
    uintx ProfiledCodeHeapSize                     = 122909434                              {pd product} {ergonomic}
    uintx ReservedCodeCacheSize                    = 251658240                              {pd product} {ergonomic}
     bool SegmentedCodeCache                       = true                                      {product} {ergonomic}
     bool ShowCodeDetailsInExceptionMessages       = true                                   {manageable} {command line}
   size_t SoftMaxHeapSize                          = 4263510016                             {manageable} {ergonomic}
     bool UseCompressedClassPointers               = true                           {product lp64_product} {ergonomic}
     bool UseCompressedOops                        = true                           {product lp64_product} {ergonomic}
     bool UseG1GC                                  = true                                      {product} {ergonomic}
     bool UseLargePagesIndividualAllocation        = false                                  {pd product} {ergonomic}

Logging:
Log output configuration:
 #0: stdout all=warning uptime,level,tags
 #1: stderr all=off uptime,level,tags

Environment Variables:
PATH=C:/Users/DELL/.p2/pool/plugins/org.eclipse.justj.openjdk.hotspot.jre.full.win32.x86_64_23.0.1.v20241024-1700/jre/bin/server;C:/Users/DELL/.p2/pool/plugins/org.eclipse.justj.openjdk.hotspot.jre.full.win32.x86_64_23.0.1.v20241024-1700/jre/bin;C:\Program Files\Common Files\Oracle\Java\javapath;C:\Program Files (x86)\Common Files\Oracle\Java\java8path;C:\Program Files (x86)\Common Files\Oracle\Java\javapath;C:\WINDOWS\system32;C:\WINDOWS;C:\WINDOWS\System32\Wbem;C:\WINDOWS\System32\WindowsPowerShell\v1.0\;C:\WINDOWS\System32\OpenSSH\;C:\Program Files\nodejs\;C:\Program Files\Microsoft SQL Server\150\Tools\Binn\;C:\Program Files\Microsoft SQL Server\Client SDK\ODBC\170\Tools\Binn\;C:\Program Files (x86)\Microsoft SQL Server\160\Tools\Binn\;C:\Program Files\Microsoft SQL Server\160\Tools\Binn\;C:\Program Files\Microsoft SQL Server\160\DTS\Binn\;C:\Program Files\Git\cmd;C:\Users\DELL\AppData\Local\Programs\Python\Launcher\;C:\Users\DELL\AppData\Local\Microsoft\WindowsApps;C:\Users\DELL\AppData\Local\Programs\Microsoft VS Code\bin;C:\Users\DELL\AppData\Roaming\npm;C:\Users\DELL\AppData\Local\Microsoft\WinGet\Packages\Schniz.fnm_Microsoft.Winget.Source_8wekyb3d8bbwe;C:\Program Files\JetBrains\CLion 2024.2.3\bin;;C:\Users\DELL\OneDrive\Desktop;
USERNAME=DELL
OS=Windows_NT
PROCESSOR_IDENTIFIER=Intel64 Family 6 Model 142 Stepping 10, GenuineIntel
TMP=C:\Users\DELL\AppData\Local\Temp
TEMP=C:\Users\DELL\AppData\Local\Temp



Periodic native trim disabled


---------------  S Y S T E M  ---------------

OS:
 Windows 11 , 64 bit Build 26100 (10.0.26100.3775)
OS uptime: 0 days 5:21 hours
Hyper-V role detected

CPU: total 8 (initial active 8) (4 cores per cpu, 2 threads per core) family 6 model 142 stepping 10 microcode 0xf6, cx8, cmov, fxsr, ht, mmx, 3dnowpref, sse, sse2, sse3, ssse3, sse4.1, sse4.2, popcnt, lzcnt, tsc, tscinvbit, avx, avx2, aes, erms, clmul, bmi1, bmi2, rtm, adx, fma, vzeroupper, clflush, clflushopt, hv
Processor Information for all 8 processors :
  Max Mhz: 2112, Current Mhz: 1910, Mhz Limit: 1900

Memory: 4k page, system-wide physical 16262M (1456M free)
TotalPageFile size 21748M (AvailPageFile size 1M)
current process WorkingSet (physical memory assigned to process): 60M, peak: 60M
current process commit charge ("private bytes"): 350M, peak: 350M

vm_info: OpenJDK 64-Bit Server VM (17.0.10+7) for windows-amd64 JRE (17.0.10+7), built on Jan 16 2024 23:25:11 by "admin" with MS VC++ 16.10 / 16.11 (VS2019)

END.
